<testsuites id="" name="" tests="4" failures="0" skipped="0" errors="0" time="6.66662600004673">
<testsuite name="articles.spec.ts" timestamp="1670277641397" hostname="" tests="4" failures="0" skipped="0" time="15.429" errors="0">
<testcase name="Articles en &gt; should navigate to the Preface article" classname="[Desktop Chrome] › articles.spec.ts › Articles › en &gt; should navigate to the Preface article" time="3.854">
</testcase>
<testcase name="Articles en &gt; should navigate to the Missing Bits article" classname="[Desktop Chrome] › articles.spec.ts › Articles › en &gt; should navigate to the Missing Bits article" time="3.859">
</testcase>
<testcase name="Articles he &gt; should navigate to the Preface article" classname="[Desktop Chrome] › articles.spec.ts › Articles › he &gt; should navigate to the Preface article" time="3.86">
</testcase>
<testcase name="Articles he &gt; should navigate to the Missing Bits article" classname="[Desktop Chrome] › articles.spec.ts › Articles › he &gt; should navigate to the Missing Bits article" time="3.856">
</testcase>
</testsuite>
</testsuites>